// Jest Snapshot v1, https://goo.gl/fbAQLP

exports[`App renders 1`] = `
<Text
  accessible={true}
  allowFontScaling={true}
  ellipsizeMode="tail"
>
  Hello World!
</Text>
`;
